ERROR - 2025-06-25 21:11:40 --> Error connecting to the database: mysqli_sql_exception: Access denied for user 'u404212150_bikeking'@'localhost' (using password: YES) in D:\xamp\htdocs\projects\nabil\bikeking\system\Database\MySQLi\Connection.php:201
Stack trace:
#0 D:\xamp\htdocs\projects\nabil\bikeking\system\Database\MySQLi\Connection.php(201): mysqli->real_connect('localhost', 'u404212150_bike...', Object(SensitiveParameterValue), 'u404212150_bike...', 3306, '', 0)
#1 D:\xamp\htdocs\projects\nabil\bikeking\system\Database\BaseConnection.php(421): CodeIgniter\Database\MySQLi\Connection->connect(false)
#2 D:\xamp\htdocs\projects\nabil\bikeking\system\Database\BaseConnection.php(620): CodeIgniter\Database\BaseConnection->initialize()
#3 D:\xamp\htdocs\projects\nabil\bikeking\system\Database\BaseBuilder.php(1649): CodeIgniter\Database\BaseConnection->query('SELECT *\nFROM `...', Array, false)
#4 D:\xamp\htdocs\projects\nabil\bikeking\app\Models\Setting.php(16): CodeIgniter\Database\BaseBuilder->get()
#5 D:\xamp\htdocs\projects\nabil\bikeking\app\Views\backend\login.php(2): App\Models\Setting::get()
#6 D:\xamp\htdocs\projects\nabil\bikeking\system\View\View.php(224): include('D:\\xamp\\htdocs\\...')
#7 D:\xamp\htdocs\projects\nabil\bikeking\system\View\View.php(227): CodeIgniter\View\View->CodeIgniter\View\{closure}()
#8 D:\xamp\htdocs\projects\nabil\bikeking\system\Common.php(1173): CodeIgniter\View\View->render('backend/login', Array, true)
#9 D:\xamp\htdocs\projects\nabil\bikeking\app\Controllers\AuthBackend.php(20): view('backend/login')
#10 D:\xamp\htdocs\projects\nabil\bikeking\system\CodeIgniter.php(933): App\Controllers\AuthBackend->login_view()
#11 D:\xamp\htdocs\projects\nabil\bikeking\system\CodeIgniter.php(507): CodeIgniter\CodeIgniter->runController(Object(App\Controllers\AuthBackend))
#12 D:\xamp\htdocs\projects\nabil\bikeking\system\CodeIgniter.php(354): CodeIgniter\CodeIgniter->handleRequest(NULL, Object(Config\Cache), false)
#13 D:\xamp\htdocs\projects\nabil\bikeking\system\Boot.php(334): CodeIgniter\CodeIgniter->run()
#14 D:\xamp\htdocs\projects\nabil\bikeking\system\Boot.php(67): CodeIgniter\Boot::runCodeIgniter(Object(CodeIgniter\CodeIgniter))
#15 D:\xamp\htdocs\projects\nabil\bikeking\index.php(56): CodeIgniter\Boot::bootWeb(Object(Config\Paths))
#16 {main}

Next CodeIgniter\Database\Exceptions\DatabaseException: Access denied for user '****'@'localhost' (using password: YES) in D:\xamp\htdocs\projects\nabil\bikeking\system\Database\MySQLi\Connection.php:246
Stack trace:
#0 D:\xamp\htdocs\projects\nabil\bikeking\system\Database\BaseConnection.php(421): CodeIgniter\Database\MySQLi\Connection->connect(false)
#1 D:\xamp\htdocs\projects\nabil\bikeking\system\Database\BaseConnection.php(620): CodeIgniter\Database\BaseConnection->initialize()
#2 D:\xamp\htdocs\projects\nabil\bikeking\system\Database\BaseBuilder.php(1649): CodeIgniter\Database\BaseConnection->query('SELECT *\nFROM `...', Array, false)
#3 D:\xamp\htdocs\projects\nabil\bikeking\app\Models\Setting.php(16): CodeIgniter\Database\BaseBuilder->get()
#4 D:\xamp\htdocs\projects\nabil\bikeking\app\Views\backend\login.php(2): App\Models\Setting::get()
#5 D:\xamp\htdocs\projects\nabil\bikeking\system\View\View.php(224): include('D:\\xamp\\htdocs\\...')
#6 D:\xamp\htdocs\projects\nabil\bikeking\system\View\View.php(227): CodeIgniter\View\View->CodeIgniter\View\{closure}()
#7 D:\xamp\htdocs\projects\nabil\bikeking\system\Common.php(1173): CodeIgniter\View\View->render('backend/login', Array, true)
#8 D:\xamp\htdocs\projects\nabil\bikeking\app\Controllers\AuthBackend.php(20): view('backend/login')
#9 D:\xamp\htdocs\projects\nabil\bikeking\system\CodeIgniter.php(933): App\Controllers\AuthBackend->login_view()
#10 D:\xamp\htdocs\projects\nabil\bikeking\system\CodeIgniter.php(507): CodeIgniter\CodeIgniter->runController(Object(App\Controllers\AuthBackend))
#11 D:\xamp\htdocs\projects\nabil\bikeking\system\CodeIgniter.php(354): CodeIgniter\CodeIgniter->handleRequest(NULL, Object(Config\Cache), false)
#12 D:\xamp\htdocs\projects\nabil\bikeking\system\Boot.php(334): CodeIgniter\CodeIgniter->run()
#13 D:\xamp\htdocs\projects\nabil\bikeking\system\Boot.php(67): CodeIgniter\Boot::runCodeIgniter(Object(CodeIgniter\CodeIgniter))
#14 D:\xamp\htdocs\projects\nabil\bikeking\index.php(56): CodeIgniter\Boot::bootWeb(Object(Config\Paths))
#15 {main}
CRITICAL - 2025-06-25 21:11:40 --> CodeIgniter\Database\Exceptions\DatabaseException: Unable to connect to the database.
Main connection [MySQLi]: Access denied for user '****'@'localhost' (using password: YES)
[Method: GET, Route: admin]
in SYSTEMPATH\Database\BaseConnection.php on line 467.
 1 SYSTEMPATH\Database\BaseConnection.php(620): CodeIgniter\Database\BaseConnection->initialize()
 2 SYSTEMPATH\Database\BaseBuilder.php(1649): CodeIgniter\Database\BaseConnection->query('SELECT *
FROM `setting`
WHERE `name` IN :name:', [...], false)
 3 APPPATH\Models\Setting.php(16): CodeIgniter\Database\BaseBuilder->get()
 4 APPPATH\Views\backend\login.php(2): App\Models\Setting::get()
 5 SYSTEMPATH\View\View.php(224): include('D:\\xamp\\htdocs\\projects\\nabil\\bikeking\\app\\Views\\backend\\login.php')
 6 SYSTEMPATH\View\View.php(227): CodeIgniter\View\View->CodeIgniter\View\{closure}()
 7 SYSTEMPATH\Common.php(1173): CodeIgniter\View\View->render('backend/login', [], true)
 8 APPPATH\Controllers\AuthBackend.php(20): view('backend/login')
 9 SYSTEMPATH\CodeIgniter.php(933): App\Controllers\AuthBackend->login_view()
10 SYSTEMPATH\CodeIgniter.php(507): CodeIgniter\CodeIgniter->runController(Object(App\Controllers\AuthBackend))
11 SYSTEMPATH\CodeIgniter.php(354): CodeIgniter\CodeIgniter->handleRequest(null, Object(Config\Cache), false)
12 SYSTEMPATH\Boot.php(334): CodeIgniter\CodeIgniter->run()
13 SYSTEMPATH\Boot.php(67): CodeIgniter\Boot::runCodeIgniter(Object(CodeIgniter\CodeIgniter))
14 FCPATH\index.php(56): CodeIgniter\Boot::bootWeb(Object(Config\Paths))
